../Core/Src/main.c:127:6:WS2812_Send	32	static
../Core/Src/main.c:154:6:HAL_SPI_TxCpltCallback	16	static
../Core/Src/main.c:161:6:HAL_GPIO_EXTI_Callback	16	static
../Core/Src/main.c:190:6:ComputeEnergyShaping	40	static
../Core/Src/main.c:268:6:ComputePID	32	static
../Core/Src/main.c:327:5:main	88	static
../Core/Src/main.c:496:6:SystemClock_Config	88	static
../Core/Src/main.c:543:13:MX_SPI2_Init	8	static
../Core/Src/main.c:581:13:MX_TIM1_Init	96	static
../Core/Src/main.c:664:13:MX_TIM2_Init	32	static
../Core/Src/main.c:709:13:MX_TIM4_Init	32	static
../Core/Src/main.c:754:13:MX_USART2_UART_Init	8	static
../Core/Src/main.c:785:13:MX_DMA_Init	16	static
../Core/Src/main.c:803:13:MX_GPIO_Init	48	static
../Core/Src/main.c:878:6:Error_Handler	4	static,ignoring_inline_asm
